Copyright 1986-2020 Xilinx, Inc. All Rights Reserved.
-----------------------------------------------------------------------------------------------------------------------------------------------------------------------------------------------------------------------------------------------------------------------------------------------------------------------------------------------------------------------------------------------------------------------------------------------------------------------------
| Tool Version : Vivado v.2020.1.1 (lin64) Build 2960000 Wed Aug  5 22:57:21 MDT 2020
| Date         : Thu Mar 25 15:19:30 2021
| Host         : work2-System-Product-Name running 64-bit Ubuntu 18.04.5 LTS
| Command      : report_accelerator_utilization -kernels { cornerTracker:zcu104_base_i/cornerTracker_1/inst:cornerTracker_1 cornerupdate_accel:zcu104_base_i/cornerupdate_accel_1/inst:cornerupdate_accel_1 pyr_dense_optical_flow_accel:zcu104_base_i/pyr_dense_optical_flow_accel_1/inst:pyr_dense_optical_flow_accel_1 pyr_down_accel:zcu104_base_i/pyr_down_accel_1/inst:pyr_down_accel_1} -file ../../../output/kernel_util_synthed.rpt -name kernel_util_synthed -json
| Design       : zcu104_base_wrapper
| Device       : xczu7ev
| Design State : Synthesized
-----------------------------------------------------------------------------------------------------------------------------------------------------------------------------------------------------------------------------------------------------------------------------------------------------------------------------------------------------------------------------------------------------------------------------------------------------------------------------

Accelerator Utilization Design Information

Table of Contents
-----------------
1. System Utilization

1. System Utilization
---------------------

+-----------------------------------+------------------+-----------------+------------------+---------------+--------------+----------------+
| Name                              | LUT              | LUTAsMem        | REG              | BRAM          | URAM         | DSP            |
+-----------------------------------+------------------+-----------------+------------------+---------------+--------------+----------------+
| Platform                          |  22127 [  9.60%] |  3086 [  3.03%] |  27447 [  5.96%] |  61 [ 19.55%] |  0 [  0.00%] |    0 [  0.00%] |
| User Budget                       | 208273 [100.00%] | 98674 [100.00%] | 433353 [100.00%] | 251 [100.00%] | 96 [100.00%] | 1728 [100.00%] |
|    Used Resources                 |  63209 [ 30.35%] |  8181 [  8.29%] |  60548 [ 13.97%] | 145 [ 57.77%] |  0 [  0.00%] |  150 [  8.68%] |
|    Unused Resources               | 145064 [ 69.65%] | 90493 [ 91.71%] | 372805 [ 86.03%] | 106 [ 42.23%] | 96 [100.00%] | 1578 [ 91.32%] |
| cornerTracker                     |   8808 [  4.23%] |  1575 [  1.60%] |  11141 [  2.57%] |  21 [  8.37%] |  0 [  0.00%] |   14 [  0.81%] |
|    cornerTracker_1                |   8808 [  4.23%] |  1575 [  1.60%] |  11141 [  2.57%] |  21 [  8.37%] |  0 [  0.00%] |   14 [  0.81%] |
| cornerupdate_accel                |   5468 [  2.63%] |  2005 [  2.03%] |   6654 [  1.54%] |   3 [  1.20%] |  0 [  0.00%] |   16 [  0.93%] |
|    cornerupdate_accel_1           |   5468 [  2.63%] |  2005 [  2.03%] |   6654 [  1.54%] |   3 [  1.20%] |  0 [  0.00%] |   16 [  0.93%] |
| pyr_dense_optical_flow_accel      |  38782 [ 18.62%] |  2753 [  2.79%] |  30883 [  7.13%] | 112 [ 44.62%] |  0 [  0.00%] |   98 [  5.67%] |
|    pyr_dense_optical_flow_accel_1 |  38782 [ 18.62%] |  2753 [  2.79%] |  30883 [  7.13%] | 112 [ 44.62%] |  0 [  0.00%] |   98 [  5.67%] |
| pyr_down_accel                    |  10151 [  4.87%] |  1848 [  1.87%] |  11870 [  2.74%] |   9 [  3.59%] |  0 [  0.00%] |   22 [  1.27%] |
|    pyr_down_accel_1               |  10151 [  4.87%] |  1848 [  1.87%] |  11870 [  2.74%] |   9 [  3.59%] |  0 [  0.00%] |   22 [  1.27%] |
+-----------------------------------+------------------+-----------------+------------------+---------------+--------------+----------------+


