

================================================================
== Vitis HLS Report for 'HarrisImg_Block_ZN2xf2cv3MatILi0ELi1080ELi1920ELi1ELi2EEC2Eii_exit1_proc65'
================================================================
* Date:           Thu Mar 25 14:57:20 2021

* Version:        2020.1.1 (Build 2960000 on Wed Aug 05 23:18:37 MDT 2020)
* Project:        cornerTracker
* Solution:       solution (Vitis Kernel Flow Target)
* Product family: zynquplus
* Target device:  xczu7ev-ffvc1156-2-e


================================================================
== Performance Estimates
================================================================
+ Timing: 
    * Summary: 
    +--------+---------+----------+------------+
    |  Clock |  Target | Estimated| Uncertainty|
    +--------+---------+----------+------------+
    |ap_clk  | 6.67 ns | 1.838 ns |   1.80 ns  |
    +--------+---------+----------+------------+

+ Latency: 
    * Summary: 
    +---------+---------+----------+----------+-----+-----+---------+
    |  Latency (cycles) |  Latency (absolute) |  Interval | Pipeline|
    |   min   |   max   |    min   |    max   | min | max |   Type  |
    +---------+---------+----------+----------+-----+-----+---------+
    |        0|        0|   0 ns   |   0 ns   |    0|    0|   none  |
    +---------+---------+----------+----------+-----+-----+---------+

    + Detail: 
        * Instance: 
        N/A

        * Loop: 
        N/A



================================================================
== Utilization Estimates
================================================================
* Summary: 
+-----------------+---------+------+--------+--------+-----+
|       Name      | BRAM_18K|  DSP |   FF   |   LUT  | URAM|
+-----------------+---------+------+--------+--------+-----+
|DSP              |        -|     -|       -|       -|    -|
|Expression       |        -|     -|       0|       2|    -|
|FIFO             |        -|     -|       -|       -|    -|
|Instance         |        -|     -|       -|       -|    -|
|Memory           |        -|     -|       -|       -|    -|
|Multiplexer      |        -|     -|       -|      81|    -|
|Register         |        -|     -|       3|       -|    -|
+-----------------+---------+------+--------+--------+-----+
|Total            |        0|     0|       3|      83|    0|
+-----------------+---------+------+--------+--------+-----+
|Available        |      624|  1728|  460800|  230400|   96|
+-----------------+---------+------+--------+--------+-----+
|Utilization (%)  |        0|     0|   ~0   |   ~0   |    0|
+-----------------+---------+------+--------+--------+-----+

+ Detail: 
    * Instance: 
    N/A

    * DSP: 
    N/A

    * Memory: 
    N/A

    * FIFO: 
    N/A

    * Expression: 
    +-----------------+----------+----+---+----+------------+------------+
    |  Variable Name  | Operation| DSP| FF| LUT| Bitwidth P0| Bitwidth P1|
    +-----------------+----------+----+---+----+------------+------------+
    |ap_block_state1  |    or    |   0|  0|   2|           1|           1|
    +-----------------+----------+----+---+----+------------+------------+
    |Total            |          |   0|  0|   2|           1|           1|
    +-----------------+----------+----+---+----+------------+------------+

    * Multiplexer: 
    +-------------------------------+----+-----------+-----+-----------+
    |              Name             | LUT| Input Size| Bits| Total Bits|
    +-------------------------------+----+-----------+-----+-----------+
    |Thresh_out_blk_n               |   9|          2|    1|          2|
    |ap_done                        |   9|          2|    1|          2|
    |inHarris_out_blk_n             |   9|          2|    1|          2|
    |in_harris_mat_cols_out_blk_n   |   9|          2|    1|          2|
    |in_harris_mat_rows_out_blk_n   |   9|          2|    1|          2|
    |list_out_blk_n                 |   9|          2|    1|          2|
    |out_harris_mat_cols_out_blk_n  |   9|          2|    1|          2|
    |out_harris_mat_rows_out_blk_n  |   9|          2|    1|          2|
    |real_start                     |   9|          2|    1|          2|
    +-------------------------------+----+-----------+-----+-----------+
    |Total                          |  81|         18|    9|         18|
    +-------------------------------+----+-----------+-----+-----------+

    * Register: 
    +----------------+---+----+-----+-----------+
    |      Name      | FF| LUT| Bits| Const Bits|
    +----------------+---+----+-----+-----------+
    |ap_CS_fsm       |  1|   0|    1|          0|
    |ap_done_reg     |  1|   0|    1|          0|
    |start_once_reg  |  1|   0|    1|          0|
    +----------------+---+----+-----+-----------+
    |Total           |  3|   0|    3|          0|
    +----------------+---+----+-----+-----------+



================================================================
== Interface
================================================================
* Summary: 
+--------------------------------+-----+-----+------------+-----------------------------------------------------------------------------+--------------+
|            RTL Ports           | Dir | Bits|  Protocol  |                                Source Object                                |    C Type    |
+--------------------------------+-----+-----+------------+-----------------------------------------------------------------------------+--------------+
|ap_clk                          |  in |    1| ap_ctrl_hs | HarrisImg_Block__ZN2xf2cv3MatILi0ELi1080ELi1920ELi1ELi2EEC2Eii.exit1_proc65 | return value |
|ap_rst                          |  in |    1| ap_ctrl_hs | HarrisImg_Block__ZN2xf2cv3MatILi0ELi1080ELi1920ELi1ELi2EEC2Eii.exit1_proc65 | return value |
|ap_start                        |  in |    1| ap_ctrl_hs | HarrisImg_Block__ZN2xf2cv3MatILi0ELi1080ELi1920ELi1ELi2EEC2Eii.exit1_proc65 | return value |
|start_full_n                    |  in |    1| ap_ctrl_hs | HarrisImg_Block__ZN2xf2cv3MatILi0ELi1080ELi1920ELi1ELi2EEC2Eii.exit1_proc65 | return value |
|ap_done                         | out |    1| ap_ctrl_hs | HarrisImg_Block__ZN2xf2cv3MatILi0ELi1080ELi1920ELi1ELi2EEC2Eii.exit1_proc65 | return value |
|ap_continue                     |  in |    1| ap_ctrl_hs | HarrisImg_Block__ZN2xf2cv3MatILi0ELi1080ELi1920ELi1ELi2EEC2Eii.exit1_proc65 | return value |
|ap_idle                         | out |    1| ap_ctrl_hs | HarrisImg_Block__ZN2xf2cv3MatILi0ELi1080ELi1920ELi1ELi2EEC2Eii.exit1_proc65 | return value |
|ap_ready                        | out |    1| ap_ctrl_hs | HarrisImg_Block__ZN2xf2cv3MatILi0ELi1080ELi1920ELi1ELi2EEC2Eii.exit1_proc65 | return value |
|start_out                       | out |    1| ap_ctrl_hs | HarrisImg_Block__ZN2xf2cv3MatILi0ELi1080ELi1920ELi1ELi2EEC2Eii.exit1_proc65 | return value |
|start_write                     | out |    1| ap_ctrl_hs | HarrisImg_Block__ZN2xf2cv3MatILi0ELi1080ELi1920ELi1ELi2EEC2Eii.exit1_proc65 | return value |
|harris_rows                     |  in |   11|   ap_none  |                                 harris_rows                                 |    scalar    |
|harris_cols                     |  in |   11|   ap_none  |                                 harris_cols                                 |    scalar    |
|inHarris                        |  in |   64|   ap_none  |                                   inHarris                                  |    scalar    |
|list                            |  in |   64|   ap_none  |                                     list                                    |    scalar    |
|Thresh                          |  in |   16|   ap_none  |                                    Thresh                                   |    scalar    |
|in_harris_mat_rows_out_din      | out |   11|   ap_fifo  |                            in_harris_mat_rows_out                           |    pointer   |
|in_harris_mat_rows_out_full_n   |  in |    1|   ap_fifo  |                            in_harris_mat_rows_out                           |    pointer   |
|in_harris_mat_rows_out_write    | out |    1|   ap_fifo  |                            in_harris_mat_rows_out                           |    pointer   |
|in_harris_mat_cols_out_din      | out |   11|   ap_fifo  |                            in_harris_mat_cols_out                           |    pointer   |
|in_harris_mat_cols_out_full_n   |  in |    1|   ap_fifo  |                            in_harris_mat_cols_out                           |    pointer   |
|in_harris_mat_cols_out_write    | out |    1|   ap_fifo  |                            in_harris_mat_cols_out                           |    pointer   |
|out_harris_mat_rows_out_din     | out |   11|   ap_fifo  |                           out_harris_mat_rows_out                           |    pointer   |
|out_harris_mat_rows_out_full_n  |  in |    1|   ap_fifo  |                           out_harris_mat_rows_out                           |    pointer   |
|out_harris_mat_rows_out_write   | out |    1|   ap_fifo  |                           out_harris_mat_rows_out                           |    pointer   |
|out_harris_mat_cols_out_din     | out |   11|   ap_fifo  |                           out_harris_mat_cols_out                           |    pointer   |
|out_harris_mat_cols_out_full_n  |  in |    1|   ap_fifo  |                           out_harris_mat_cols_out                           |    pointer   |
|out_harris_mat_cols_out_write   | out |    1|   ap_fifo  |                           out_harris_mat_cols_out                           |    pointer   |
|inHarris_out_din                | out |   64|   ap_fifo  |                                 inHarris_out                                |    pointer   |
|inHarris_out_full_n             |  in |    1|   ap_fifo  |                                 inHarris_out                                |    pointer   |
|inHarris_out_write              | out |    1|   ap_fifo  |                                 inHarris_out                                |    pointer   |
|list_out_din                    | out |   64|   ap_fifo  |                                   list_out                                  |    pointer   |
|list_out_full_n                 |  in |    1|   ap_fifo  |                                   list_out                                  |    pointer   |
|list_out_write                  | out |    1|   ap_fifo  |                                   list_out                                  |    pointer   |
|Thresh_out_din                  | out |   16|   ap_fifo  |                                  Thresh_out                                 |    pointer   |
|Thresh_out_full_n               |  in |    1|   ap_fifo  |                                  Thresh_out                                 |    pointer   |
|Thresh_out_write                | out |    1|   ap_fifo  |                                  Thresh_out                                 |    pointer   |
+--------------------------------+-----+-----+------------+-----------------------------------------------------------------------------+--------------+

