

================================================================
== Vitis HLS Report for 'xFBoxFilter3x3_2_1080_1920_3_1_5_5_1920_false_s'
================================================================
* Date:           Thu Mar 25 14:57:23 2021

* Version:        2020.1.1 (Build 2960000 on Wed Aug 05 23:18:37 MDT 2020)
* Project:        cornerTracker
* Solution:       solution (Vitis Kernel Flow Target)
* Product family: zynquplus
* Target device:  xczu7ev-ffvc1156-2-e


================================================================
== Performance Estimates
================================================================
+ Timing: 
    * Summary: 
    +--------+---------+----------+------------+
    |  Clock |  Target | Estimated| Uncertainty|
    +--------+---------+----------+------------+
    |ap_clk  | 6.67 ns | 4.048 ns |   1.80 ns  |
    +--------+---------+----------+------------+

+ Latency: 
    * Summary: 
    +---------+---------+-----------+-----------+---------+---------+---------+
    |  Latency (cycles) |   Latency (absolute)  |      Interval     | Pipeline|
    |   min   |   max   |    min    |    max    |   min   |   max   |   Type  |
    +---------+---------+-----------+-----------+---------+---------+---------+
    |  2092803|  2092803| 13.953 ms | 13.953 ms |  2092803|  2092803|   none  |
    +---------+---------+-----------+-----------+---------+---------+---------+

    + Detail: 
        * Instance: 
        +-------------------------------+--------------------+---------+---------+-----------+-----------+-----+-----+----------+
        |                               |                    |  Latency (cycles) |   Latency (absolute)  |  Interval | Pipeline |
        |            Instance           |       Module       |   min   |   max   |    min    |    max    | min | max |   Type   |
        +-------------------------------+--------------------+---------+---------+-----------+-----------+-----+-----+----------+
        |grp_xFApplyMask3x3_3_s_fu_361  |xFApplyMask3x3_3_s  |        4|        4| 26.668 ns | 26.668 ns |    1|    1| function |
        +-------------------------------+--------------------+---------+---------+-----------+-----------+-----+-----+----------+

        * Loop: 
        +--------------+---------+---------+----------+-----------+-----------+------+----------+
        |              |  Latency (cycles) | Iteration|  Initiation Interval  | Trip |          |
        |   Loop Name  |   min   |   max   |  Latency |  achieved |   target  | Count| Pipelined|
        +--------------+---------+---------+----------+-----------+-----------+------+----------+
        |- bufColLoop  |     1920|     1920|         2|          1|          1|  1920|    yes   |
        |- ROWLOOP     |  2090880|  2090880|      1936|          -|          -|  1080|    no    |
        | + colLoop1   |     1928|     1928|        10|          1|          1|  1920|    yes   |
        +--------------+---------+---------+----------+-----------+-----------+------+----------+



================================================================
== Utilization Estimates
================================================================
* Summary: 
+-----------------+---------+------+--------+--------+-----+
|       Name      | BRAM_18K|  DSP |   FF   |   LUT  | URAM|
+-----------------+---------+------+--------+--------+-----+
|DSP              |        -|     -|       -|       -|    -|
|Expression       |        -|     -|       0|     229|    -|
|FIFO             |        -|     -|       -|       -|    -|
|Instance         |        -|     1|     196|     220|    -|
|Memory           |        6|     -|       0|       0|    -|
|Multiplexer      |        -|     -|       -|     467|    -|
|Register         |        -|     -|     627|     160|    -|
+-----------------+---------+------+--------+--------+-----+
|Total            |        6|     1|     823|    1076|    0|
+-----------------+---------+------+--------+--------+-----+
|Available        |      624|  1728|  460800|  230400|   96|
+-----------------+---------+------+--------+--------+-----+
|Utilization (%)  |    ~0   |  ~0  |   ~0   |   ~0   |    0|
+-----------------+---------+------+--------+--------+-----+

+ Detail: 
    * Instance: 
    +-------------------------------+--------------------+---------+----+-----+-----+-----+
    |            Instance           |       Module       | BRAM_18K| DSP|  FF | LUT | URAM|
    +-------------------------------+--------------------+---------+----+-----+-----+-----+
    |mux_32_16_1_1_U175             |mux_32_16_1_1       |        0|   0|    0|   13|    0|
    |mux_32_16_1_1_U176             |mux_32_16_1_1       |        0|   0|    0|   13|    0|
    |mux_32_16_1_1_U177             |mux_32_16_1_1       |        0|   0|    0|   13|    0|
    |grp_xFApplyMask3x3_3_s_fu_361  |xFApplyMask3x3_3_s  |        0|   1|  196|  181|    0|
    +-------------------------------+--------------------+---------+----+-----+-----+-----+
    |Total                          |                    |        0|   1|  196|  220|    0|
    +-------------------------------+--------------------+---------+----+-----+-----+-----+

    * DSP: 
    N/A

    * Memory: 
    +-----------+---------------------------------------------------------+---------+---+----+-----+------+-----+------+-------------+
    |   Memory  |                          Module                         | BRAM_18K| FF| LUT| URAM| Words| Bits| Banks| W*Bits*Banks|
    +-----------+---------------------------------------------------------+---------+---+----+-----+------+-----+------+-------------+
    |buf_0_V_U  |xFBoxFilter3x3_2_1080_1920_3_1_5_5_1920_false_s_buf_0_V  |        2|  0|   0|    0|  1920|   16|     1|        30720|
    |buf_1_V_U  |xFBoxFilter3x3_2_1080_1920_3_1_5_5_1920_false_s_buf_0_V  |        2|  0|   0|    0|  1920|   16|     1|        30720|
    |buf_2_V_U  |xFBoxFilter3x3_2_1080_1920_3_1_5_5_1920_false_s_buf_0_V  |        2|  0|   0|    0|  1920|   16|     1|        30720|
    +-----------+---------------------------------------------------------+---------+---+----+-----+------+-----+------+-------------+
    |Total      |                                                         |        6|  0|   0|    0|  5760|   48|     3|        92160|
    +-----------+---------------------------------------------------------+---------+---+----+-----+------+-----+------+-------------+

    * FIFO: 
    N/A

    * Expression: 
    +-----------------------------------+----------+----+---+----+------------+------------+
    |           Variable Name           | Operation| DSP| FF| LUT| Bitwidth P0| Bitwidth P1|
    +-----------------------------------+----------+----+---+----+------------+------------+
    |add_ln257_fu_412_p2                |     +    |   0|  0|  19|          12|           1|
    |add_ln695_4_fu_584_p2              |     +    |   0|  0|  20|          13|           1|
    |add_ln695_5_fu_604_p2              |     +    |   0|  0|  19|          12|           1|
    |add_ln695_6_fu_512_p2              |     +    |   0|  0|  18|          11|           1|
    |add_ln695_fu_398_p2                |     +    |   0|  0|  18|          11|           1|
    |ap_block_pp0_stage0_11001          |    and   |   0|  0|   2|           1|           1|
    |ap_block_state15_pp1_stage0_iter9  |    and   |   0|  0|   2|           1|           1|
    |ap_block_state3_pp0_stage0_iter1   |    and   |   0|  0|   2|           1|           1|
    |ap_block_state7_pp1_stage0_iter1   |    and   |   0|  0|   2|           1|           1|
    |ap_condition_441                   |    and   |   0|  0|   2|           1|           1|
    |ap_condition_713                   |    and   |   0|  0|   2|           1|           1|
    |ap_condition_717                   |    and   |   0|  0|   2|           1|           1|
    |ap_predicate_op105_read_state7     |    and   |   0|  0|   2|           1|           1|
    |cmp_i_i421_i_fu_498_p2             |   icmp   |   0|  0|  13|          12|          12|
    |icmp_ln133_fu_507_p2               |   icmp   |   0|  0|  13|          11|          11|
    |icmp_ln241_fu_393_p2               |   icmp   |   0|  0|  13|          11|          11|
    |icmp_ln257_fu_418_p2               |   icmp   |   0|  0|  13|          12|          12|
    |icmp_ln874_3_fu_590_p2             |   icmp   |   0|  0|  13|          13|           2|
    |icmp_ln874_4_fu_539_p2             |   icmp   |   0|  0|  13|          11|           1|
    |icmp_ln874_fu_453_p2               |   icmp   |   0|  0|  13|          13|           1|
    |ap_block_pp1_stage0_01001          |    or    |   0|  0|   2|           1|           1|
    |select_ln272_1_fu_467_p3           |  select  |   0|  0|   2|           1|           1|
    |select_ln272_2_fu_475_p3           |  select  |   0|  0|   3|           1|           3|
    |select_ln272_fu_459_p3             |  select  |   0|  0|   2|           1|           1|
    |select_ln303_fu_596_p3             |  select  |   0|  0|  13|           1|           1|
    |ap_enable_pp0                      |    xor   |   0|  0|   2|           1|           2|
    |ap_enable_pp1                      |    xor   |   0|  0|   2|           1|           2|
    |ap_enable_reg_pp0_iter1            |    xor   |   0|  0|   2|           2|           1|
    +-----------------------------------+----------+----+---+----+------------+------------+
    |Total                              |          |   0|  0| 229|         159|          75|
    +-----------------------------------+----------+----+---+----+------------+------------+

    * Multiplexer: 
    +------------------------------------------+----+-----------+-----+-----------+
    |                   Name                   | LUT| Input Size| Bits| Total Bits|
    +------------------------------------------+----+-----------+-----+-----------+
    |agg_tmp104_0_reg_348                      |   9|          2|   16|         32|
    |agg_tmp12_i_i_0_reg_311                   |   9|          2|   16|         32|
    |agg_tmp20_i_i_0_reg_298                   |   9|          2|   16|         32|
    |agg_tmp23_i_i_0_reg_286                   |   9|          2|   16|         32|
    |agg_tmp2_i_i_0_reg_336                    |   9|          2|   16|         32|
    |agg_tmp9_i_i_0_reg_323                    |   9|          2|   16|         32|
    |ap_NS_fsm                                 |  53|         12|    1|         12|
    |ap_enable_reg_pp0_iter1                   |  15|          3|    1|          3|
    |ap_enable_reg_pp1_iter4                   |   9|          2|    1|          2|
    |ap_enable_reg_pp1_iter9                   |   9|          2|    1|          2|
    |ap_phi_mux_agg_tmp104_0_phi_fu_352_p4     |   9|          2|   16|         32|
    |ap_phi_mux_agg_tmp20_i_i_0_phi_fu_302_p4  |   9|          2|   16|         32|
    |ap_phi_mux_agg_tmp9_i_i_0_phi_fu_327_p4   |   9|          2|   16|         32|
    |ap_phi_mux_empty_112_phi_fu_278_p4        |   9|          2|   11|         22|
    |buf_0_V_address1                          |  21|          4|   11|         44|
    |buf_0_V_d1                                |  15|          3|   16|         48|
    |buf_1_V_address1                          |  21|          4|   11|         44|
    |buf_1_V_d1                                |  15|          3|   16|         48|
    |buf_2_V_address1                          |  15|          3|   11|         33|
    |buf_2_V_d1                                |  15|          3|   16|         48|
    |empty_107_fu_92                           |  15|          3|    2|          6|
    |empty_108_fu_96                           |  15|          3|    2|          6|
    |empty_109_fu_100                          |  15|          3|    2|          6|
    |empty_110_reg_250                         |   9|          2|   12|         24|
    |empty_111_reg_262                         |   9|          2|   13|         26|
    |empty_112_reg_274                         |   9|          2|   11|         22|
    |empty_reg_239                             |   9|          2|   11|         22|
    |gradx2g_44_blk_n                          |   9|          2|    1|          2|
    |gradx_2_41_blk_n                          |   9|          2|    1|          2|
    |grp_xFApplyMask3x3_3_s_fu_361_p_i00       |  15|          3|   16|         48|
    |grp_xFApplyMask3x3_3_s_fu_361_p_i02       |  15|          3|   16|         48|
    |grp_xFApplyMask3x3_3_s_fu_361_p_i10       |  15|          3|   16|         48|
    |grp_xFApplyMask3x3_3_s_fu_361_p_i12       |  15|          3|   16|         48|
    |grp_xFApplyMask3x3_3_s_fu_361_p_i20       |  15|          3|   16|         48|
    |grp_xFApplyMask3x3_3_s_fu_361_p_i22       |  15|          3|   16|         48|
    +------------------------------------------+----+-----------+-----+-----------+
    |Total                                     | 467|         98|  391|        998|
    +------------------------------------------+----+-----------+-----+-----------+

    * Register: 
    +---------------------------------+----+----+-----+-----------+
    |               Name              | FF | LUT| Bits| Const Bits|
    +---------------------------------+----+----+-----+-----------+
    |add_ln257_reg_665                |  12|   0|   12|          0|
    |add_ln695_5_reg_736              |  12|   0|   12|          0|
    |add_ln695_6_reg_686              |  11|   0|   11|          0|
    |agg_tmp104_0_reg_348             |  16|   0|   16|          0|
    |agg_tmp12_i_i_0_reg_311          |  16|   0|   16|          0|
    |agg_tmp20_i_i_0_reg_298          |  16|   0|   16|          0|
    |agg_tmp23_i_i_0_reg_286          |  16|   0|   16|          0|
    |agg_tmp2_i_i_0_reg_336           |  16|   0|   16|          0|
    |agg_tmp9_i_i_0_reg_323           |  16|   0|   16|          0|
    |ap_CS_fsm                        |  11|   0|   11|          0|
    |ap_enable_reg_pp0_iter0          |   1|   0|    1|          0|
    |ap_enable_reg_pp0_iter1          |   1|   0|    1|          0|
    |ap_enable_reg_pp1_iter0          |   1|   0|    1|          0|
    |ap_enable_reg_pp1_iter1          |   1|   0|    1|          0|
    |ap_enable_reg_pp1_iter2          |   1|   0|    1|          0|
    |ap_enable_reg_pp1_iter3          |   1|   0|    1|          0|
    |ap_enable_reg_pp1_iter4          |   1|   0|    1|          0|
    |ap_enable_reg_pp1_iter5          |   1|   0|    1|          0|
    |ap_enable_reg_pp1_iter6          |   1|   0|    1|          0|
    |ap_enable_reg_pp1_iter7          |   1|   0|    1|          0|
    |ap_enable_reg_pp1_iter8          |   1|   0|    1|          0|
    |ap_enable_reg_pp1_iter9          |   1|   0|    1|          0|
    |cmp_i_i421_i_reg_674             |   1|   0|    1|          0|
    |empty_107_fu_92                  |   2|   0|    2|          0|
    |empty_108_fu_96                  |   2|   0|    2|          0|
    |empty_109_fu_100                 |   2|   0|    2|          0|
    |empty_110_reg_250                |  12|   0|   12|          0|
    |empty_111_reg_262                |  13|   0|   13|          0|
    |empty_112_reg_274                |  11|   0|   11|          0|
    |empty_112_reg_274_pp1_iter1_reg  |  11|   0|   11|          0|
    |empty_reg_239                    |  11|   0|   11|          0|
    |icmp_ln133_reg_682               |   1|   0|    1|          0|
    |icmp_ln241_reg_621               |   1|   0|    1|          0|
    |icmp_ln874_4_reg_709             |   1|   0|    1|          0|
    |img_height_cast2_reg_660         |  11|   0|   12|          1|
    |select_ln303_reg_731             |  13|   0|   13|          0|
    |tmp_3_reg_719                    |  16|   0|   16|          0|
    |tmp_4_reg_725                    |  16|   0|   16|          0|
    |tmp_reg_713                      |  16|   0|   16|          0|
    |trunc_ln324_reg_678              |   2|   0|    2|          0|
    |zext_ln538_reg_630               |  11|   0|   64|         53|
    |agg_tmp12_i_i_0_reg_311          |  64|  32|   16|          0|
    |agg_tmp23_i_i_0_reg_286          |  64|  32|   16|          0|
    |agg_tmp2_i_i_0_reg_336           |  64|  32|   16|          0|
    |icmp_ln133_reg_682               |  64|  32|    1|          0|
    |icmp_ln874_4_reg_709             |  64|  32|    1|          0|
    +---------------------------------+----+----+-----+-----------+
    |Total                            | 627| 160|  411|         54|
    +---------------------------------+----+----+-----+-----------+



================================================================
== Interface
================================================================
* Summary: 
+--------------------+-----+-----+------------+--------------------------------------------------------+--------------+
|      RTL Ports     | Dir | Bits|  Protocol  |                      Source Object                     |    C Type    |
+--------------------+-----+-----+------------+--------------------------------------------------------+--------------+
|ap_clk              |  in |    1| ap_ctrl_hs | xFBoxFilter3x3<2, 1080, 1920, 3, 1, 5, 5, 1920, false> | return value |
|ap_rst              |  in |    1| ap_ctrl_hs | xFBoxFilter3x3<2, 1080, 1920, 3, 1, 5, 5, 1920, false> | return value |
|ap_start            |  in |    1| ap_ctrl_hs | xFBoxFilter3x3<2, 1080, 1920, 3, 1, 5, 5, 1920, false> | return value |
|ap_done             | out |    1| ap_ctrl_hs | xFBoxFilter3x3<2, 1080, 1920, 3, 1, 5, 5, 1920, false> | return value |
|ap_idle             | out |    1| ap_ctrl_hs | xFBoxFilter3x3<2, 1080, 1920, 3, 1, 5, 5, 1920, false> | return value |
|ap_ready            | out |    1| ap_ctrl_hs | xFBoxFilter3x3<2, 1080, 1920, 3, 1, 5, 5, 1920, false> | return value |
|gradx_2_41_dout     |  in |   16|   ap_fifo  |                       gradx_2_41                       |    pointer   |
|gradx_2_41_empty_n  |  in |    1|   ap_fifo  |                       gradx_2_41                       |    pointer   |
|gradx_2_41_read     | out |    1|   ap_fifo  |                       gradx_2_41                       |    pointer   |
|gradx2g_44_din      | out |   16|   ap_fifo  |                       gradx2g_44                       |    pointer   |
|gradx2g_44_full_n   |  in |    1|   ap_fifo  |                       gradx2g_44                       |    pointer   |
|gradx2g_44_write    | out |    1|   ap_fifo  |                       gradx2g_44                       |    pointer   |
|img_height          |  in |   11|   ap_none  |                       img_height                       |    scalar    |
|img_width           |  in |   11|   ap_none  |                        img_width                       |    scalar    |
+--------------------+-----+-----+------------+--------------------------------------------------------+--------------+

