

================================================================
== Vitis HLS Report for 'xf_pyrdown_gaussian_nxn_1080_1920_0_1_1_1922_5_25_1_s'
================================================================
* Date:           Thu Mar 25 15:01:48 2021

* Version:        2020.1.1 (Build 2960000 on Wed Aug 05 23:18:37 MDT 2020)
* Project:        pyr_down_accel
* Solution:       solution (Vitis Kernel Flow Target)
* Product family: zynquplus
* Target device:  xczu7ev-ffvc1156-2-e


================================================================
== Performance Estimates
================================================================
+ Timing: 
    * Summary: 
    +--------+---------+----------+------------+
    |  Clock |  Target | Estimated| Uncertainty|
    +--------+---------+----------+------------+
    |ap_clk  | 6.67 ns | 4.635 ns |   1.80 ns  |
    +--------+---------+----------+------------+

+ Latency: 
    * Summary: 
    +---------+---------+----------+-----------+-----+---------+---------+
    |  Latency (cycles) |  Latency (absolute)  |    Interval   | Pipeline|
    |   min   |   max   |    min   |    max    | min |   max   |   Type  |
    +---------+---------+----------+-----------+-----+---------+---------+
    |       24|  2093798| 0.160 us | 13.959 ms |   24|  2093798|   none  |
    +---------+---------+----------+-----------+-----+---------+---------+

    + Detail: 
        * Instance: 
        N/A

        * Loop: 
        +---------------------+---------+---------+----------+-----------+-----------+----------+----------+
        |                     |  Latency (cycles) | Iteration|  Initiation Interval  |   Trip   |          |
        |      Loop Name      |   min   |   max   |  Latency |  achieved |   target  |   Count  | Pipelined|
        +---------------------+---------+---------+----------+-----------+-----------+----------+----------+
        |- VITIS_LOOP_209_1   |        5|        5|         1|          1|          1|         5|    yes   |
        |- read_lines         |        4|     9625| 4 ~ 1925 |          -|          -|   1 ~ 5  |    no    |
        | + VITIS_LOOP_221_2  |        1|     1922|         2|          1|          1| 1 ~ 1922 |    yes   |
        |- VITIS_LOOP_232_3   |        1|     1922|         2|          1|          1| 1 ~ 1922 |    yes   |
        |- Row_Loop           |        8|  2082240| 8 ~ 1928 |          -|          -| 1 ~ 1080 |    no    |
        | + Col_Loop          |        5|     1925|         5|          1|          1| 2 ~ 1922 |    yes   |
        +---------------------+---------+---------+----------+-----------+-----------+----------+----------+



================================================================
== Utilization Estimates
================================================================
* Summary: 
+-----------------+---------+------+--------+--------+-----+
|       Name      | BRAM_18K|  DSP |   FF   |   LUT  | URAM|
+-----------------+---------+------+--------+--------+-----+
|DSP              |        -|     -|       -|       -|    -|
|Expression       |        -|     -|       0|    1242|    -|
|FIFO             |        -|     -|       -|       -|    -|
|Instance         |        -|     -|       0|     325|    -|
|Memory           |        5|     -|       0|       0|    -|
|Multiplexer      |        -|     -|       -|     515|    -|
|Register         |        -|     -|     878|     128|    -|
+-----------------+---------+------+--------+--------+-----+
|Total            |        5|     0|     878|    2210|    0|
+-----------------+---------+------+--------+--------+-----+
|Available        |      624|  1728|  460800|  230400|   96|
+-----------------+---------+------+--------+--------+-----+
|Utilization (%)  |    ~0   |     0|   ~0   |   ~0   |    0|
+-----------------+---------+------+--------+--------+-----+

+ Detail: 
    * Instance: 
    +-------------------+---------------+---------+----+---+----+-----+
    |      Instance     |     Module    | BRAM_18K| DSP| FF| LUT| URAM|
    +-------------------+---------------+---------+----+---+----+-----+
    |mux_53_13_1_1_U90  |mux_53_13_1_1  |        0|   0|  0|  25|    0|
    |mux_53_8_1_1_U88   |mux_53_8_1_1   |        0|   0|  0|  25|    0|
    |mux_53_8_1_1_U89   |mux_53_8_1_1   |        0|   0|  0|  25|    0|
    |mux_53_8_1_1_U91   |mux_53_8_1_1   |        0|   0|  0|  25|    0|
    |mux_53_8_1_1_U92   |mux_53_8_1_1   |        0|   0|  0|  25|    0|
    |mux_53_8_1_1_U93   |mux_53_8_1_1   |        0|   0|  0|  25|    0|
    |mux_53_8_1_1_U94   |mux_53_8_1_1   |        0|   0|  0|  25|    0|
    |mux_53_8_1_1_U95   |mux_53_8_1_1   |        0|   0|  0|  25|    0|
    |mux_53_8_1_1_U96   |mux_53_8_1_1   |        0|   0|  0|  25|    0|
    |mux_53_8_1_1_U97   |mux_53_8_1_1   |        0|   0|  0|  25|    0|
    |mux_53_8_1_1_U98   |mux_53_8_1_1   |        0|   0|  0|  25|    0|
    |mux_53_8_1_1_U99   |mux_53_8_1_1   |        0|   0|  0|  25|    0|
    |mux_53_8_1_1_U100  |mux_53_8_1_1   |        0|   0|  0|  25|    0|
    +-------------------+---------------+---------+----+---+----+-----+
    |Total              |               |        0|   0|  0| 325|    0|
    +-------------------+---------------+---------+----+---+----+-----+

    * DSP: 
    N/A

    * Memory: 
    +-----------+---------------------------------------------------------------+---------+---+----+-----+------+-----+------+-------------+
    |   Memory  |                             Module                            | BRAM_18K| FF| LUT| URAM| Words| Bits| Banks| W*Bits*Banks|
    +-----------+---------------------------------------------------------------+---------+---+----+-----+------+-----+------+-------------+
    |buf_0_V_U  |xf_pyrdown_gaussian_nxn_1080_1920_0_1_1_1922_5_25_1_s_buf_0_V  |        1|  0|   0|    0|  1922|    8|     1|        15376|
    |buf_1_V_U  |xf_pyrdown_gaussian_nxn_1080_1920_0_1_1_1922_5_25_1_s_buf_0_V  |        1|  0|   0|    0|  1922|    8|     1|        15376|
    |buf_2_V_U  |xf_pyrdown_gaussian_nxn_1080_1920_0_1_1_1922_5_25_1_s_buf_0_V  |        1|  0|   0|    0|  1922|    8|     1|        15376|
    |buf_3_V_U  |xf_pyrdown_gaussian_nxn_1080_1920_0_1_1_1922_5_25_1_s_buf_0_V  |        1|  0|   0|    0|  1922|    8|     1|        15376|
    |buf_4_V_U  |xf_pyrdown_gaussian_nxn_1080_1920_0_1_1_1922_5_25_1_s_buf_0_V  |        1|  0|   0|    0|  1922|    8|     1|        15376|
    +-----------+---------------------------------------------------------------+---------+---+----+-----+------+-----+------+-------------+
    |Total      |                                                               |        5|  0|   0|    0|  9610|   40|     5|        76880|
    +-----------+---------------------------------------------------------------+---------+---+----+-----+------+-----+------+-------------+

    * FIFO: 
    N/A

    * Expression: 
    +-----------------------------------+----------+----+---+----+------------+------------+
    |           Variable Name           | Operation| DSP| FF| LUT| Bitwidth P0| Bitwidth P1|
    +-----------------------------------+----------+----+---+----+------------+------------+
    |add_i_i50_fu_813_p2                |     +    |   0|  0|  24|          17|           2|
    |add_ln1350_1_fu_1982_p2            |     +    |   0|  0|  16|          16|          16|
    |add_ln1350_2_fu_1988_p2            |     +    |   0|  0|  22|           8|          15|
    |add_ln1350_fu_1998_p2              |     +    |   0|  0|  16|          16|          16|
    |add_ln1501_1_fu_1423_p2            |     +    |   0|  0|  16|           9|           9|
    |add_ln1501_fu_1369_p2              |     +    |   0|  0|  16|           9|           9|
    |add_ln217_fu_748_p2                |     +    |   0|  0|  71|          64|           1|
    |add_ln695_10_fu_1545_p2            |     +    |   0|  0|  16|          11|          11|
    |add_ln695_11_fu_1569_p2            |     +    |   0|  0|  16|           9|           9|
    |add_ln695_12_fu_1603_p2            |     +    |   0|  0|  16|           9|           9|
    |add_ln695_13_fu_1519_p2            |     +    |   0|  0|  16|          11|          11|
    |add_ln695_14_fu_1623_p2            |     +    |   0|  0|  17|          10|          10|
    |add_ln695_15_fu_1633_p2            |     +    |   0|  0|  19|          12|          12|
    |add_ln695_16_fu_1962_p2            |     +    |   0|  0|  21|          14|          14|
    |add_ln695_17_fu_1972_p2            |     +    |   0|  0|  22|          15|          15|
    |add_ln695_18_fu_1525_p2            |     +    |   0|  0|  16|           9|           9|
    |add_ln695_19_fu_1535_p2            |     +    |   0|  0|  17|          10|          10|
    |add_ln695_1_fu_763_p2              |     +    |   0|  0|  20|          13|           1|
    |add_ln695_20_fu_977_p2             |     +    |   0|  0|  20|          13|           1|
    |add_ln695_21_fu_1613_p2            |     +    |   0|  0|  16|           9|           9|
    |add_ln695_2_fu_2015_p2             |     +    |   0|  0|  20|          13|           1|
    |add_ln695_3_fu_1393_p2             |     +    |   0|  0|  17|          10|          10|
    |add_ln695_4_fu_1451_p2             |     +    |   0|  0|  17|          10|          10|
    |add_ln695_5_fu_1469_p2             |     +    |   0|  0|  16|           9|           9|
    |add_ln695_6_fu_1383_p2             |     +    |   0|  0|  16|           9|           9|
    |add_ln695_7_fu_1497_p2             |     +    |   0|  0|  17|          10|          10|
    |add_ln695_8_fu_1441_p2             |     +    |   0|  0|  16|           9|           9|
    |add_ln695_9_fu_1487_p2             |     +    |   0|  0|  16|           9|           9|
    |add_ln695_fu_733_p2                |     +    |   0|  0|  20|          13|           1|
    |empty_58_fu_1597_p2                |     +    |   0|  0|  17|          10|          10|
    |init_row_ind_fu_671_p2             |     +    |   0|  0|  11|           3|           1|
    |op2_assign_fu_819_p2               |     +    |   0|  0|  21|          14|           2|
    |sub_i_fu_824_p2                    |     +    |   0|  0|  24|          17|           2|
    |tmp24_fu_1917_p2                   |     +    |   0|  0|  19|          12|          12|
    |tmp29_fu_1555_p2                   |     +    |   0|  0|  18|          11|          11|
    |tmp30_fu_1587_p2                   |     +    |   0|  0|  16|           9|           9|
    |tmp42_fu_1941_p2                   |     +    |   0|  0|  18|          11|          11|
    |sub_i181_i_fu_862_p2               |     -    |   0|  0|  25|           3|          18|
    |sub_i_i198_i_fu_853_p2             |     -    |   0|  0|  24|          17|          17|
    |and_ln120_fu_988_p2                |    and   |   0|  0|   2|           1|           1|
    |ap_block_pp1_stage0_11001          |    and   |   0|  0|   2|           1|           1|
    |ap_block_state13_pp3_stage0_iter1  |    and   |   0|  0|   2|           1|           1|
    |ap_block_state16_pp3_stage0_iter4  |    and   |   0|  0|   2|           1|           1|
    |spec_select2101_fu_880_p2          |    and   |   0|  0|   2|           1|           1|
    |spec_select2117_fu_892_p2          |    and   |   0|  0|   2|           1|           1|
    |spec_select2133_fu_914_p2          |    and   |   0|  0|   2|           1|           1|
    |spec_select2149_fu_926_p2          |    and   |   0|  0|   2|           1|           1|
    |spec_select2165_fu_938_p2          |    and   |   0|  0|   2|           1|           1|
    |cmp_i_i169_i_1_fu_886_p2           |   icmp   |   0|  0|  20|          18|           1|
    |cmp_i_i169_i_3_fu_920_p2           |   icmp   |   0|  0|  20|          18|           2|
    |cmp_i_i169_i_4_fu_932_p2           |   icmp   |   0|  0|  20|          17|           1|
    |cmp_i_i224_i_fu_848_p2             |   icmp   |   0|  0|  20|          17|          17|
    |cmp_i_i289_i_fu_843_p2             |   icmp   |   0|  0|  13|          16|          16|
    |cmp_i_i_i_fu_1055_p2               |   icmp   |   0|  0|  13|          13|           1|
    |icmp_fu_908_p2                     |   icmp   |   0|  0|  20|          17|           1|
    |icmp_ln882_1_fu_712_p2             |   icmp   |   0|  0|  29|          64|          64|
    |icmp_ln882_2_fu_728_p2             |   icmp   |   0|  0|  13|          16|          16|
    |icmp_ln882_3_fu_758_p2             |   icmp   |   0|  0|  13|          16|          16|
    |icmp_ln882_4_fu_838_p2             |   icmp   |   0|  0|  20|          17|          17|
    |icmp_ln882_5_fu_972_p2             |   icmp   |   0|  0|  13|          14|          14|
    |icmp_ln882_6_fu_983_p2             |   icmp   |   0|  0|  13|          16|          16|
    |icmp_ln882_fu_665_p2               |   icmp   |   0|  0|   9|           3|           3|
    |icmp_ln886_fu_1022_p2              |   icmp   |   0|  0|  13|          12|           1|
    |ap_block_pp3_stage0_01001          |    or    |   0|  0|   2|           1|           1|
    |empty_57_fu_1299_p3                |  select  |   0|  0|   8|           1|           8|
    |src_buf_V_0_0_1_fu_1761_p3         |  select  |   0|  0|   8|           1|           8|
    |src_buf_V_0_1_1_fu_1754_p3         |  select  |   0|  0|   8|           1|           8|
    |src_buf_V_0_4_2_fu_1747_p3         |  select  |   0|  0|   8|           1|           8|
    |src_buf_V_0_4_3_fu_1327_p3         |  select  |   0|  0|   8|           1|           8|
    |src_buf_V_0_4_fu_1151_p3           |  select  |   0|  0|   8|           1|           8|
    |src_buf_V_1_0_2_fu_1740_p3         |  select  |   0|  0|   8|           1|           8|
    |src_buf_V_1_1_1_fu_1733_p3         |  select  |   0|  0|   8|           1|           8|
    |src_buf_V_1_4_2_fu_1726_p3         |  select  |   0|  0|   8|           1|           8|
    |src_buf_V_1_4_3_fu_1320_p3         |  select  |   0|  0|   8|           1|           8|
    |src_buf_V_1_4_fu_1188_p3           |  select  |   0|  0|   8|           1|           8|
    |src_buf_V_2_0_2_fu_1719_p3         |  select  |   0|  0|   8|           1|           8|
    |src_buf_V_2_1_1_fu_1712_p3         |  select  |   0|  0|   8|           1|           8|
    |src_buf_V_2_4_2_fu_1705_p3         |  select  |   0|  0|   8|           1|           8|
    |src_buf_V_2_4_3_fu_1313_p3         |  select  |   0|  0|   8|           1|           8|
    |src_buf_V_2_4_fu_1225_p3           |  select  |   0|  0|   8|           1|           8|
    |src_buf_V_3_0_2_fu_1698_p3         |  select  |   0|  0|   8|           1|           8|
    |src_buf_V_3_1_1_fu_1691_p3         |  select  |   0|  0|   8|           1|           8|
    |src_buf_V_3_4_2_fu_1684_p3         |  select  |   0|  0|   8|           1|           8|
    |src_buf_V_3_4_3_fu_1306_p3         |  select  |   0|  0|   8|           1|           8|
    |src_buf_V_3_4_fu_1262_p3           |  select  |   0|  0|   8|           1|           8|
    |src_buf_V_4_0_1_fu_1768_p3         |  select  |   0|  0|   8|           1|           8|
    |src_buf_V_4_0_2_fu_1775_p3         |  select  |   0|  0|   8|           1|           8|
    |src_buf_V_4_0_3_fu_1782_p3         |  select  |   0|  0|   8|           1|           8|
    |src_buf_V_4_4_fu_1334_p3           |  select  |   0|  0|   8|           1|           8|
    |ap_enable_pp1                      |    xor   |   0|  0|   2|           1|           2|
    |ap_enable_pp2                      |    xor   |   0|  0|   2|           1|           2|
    |ap_enable_pp3                      |    xor   |   0|  0|   2|           1|           2|
    |ap_enable_reg_pp1_iter1            |    xor   |   0|  0|   2|           2|           1|
    |ap_enable_reg_pp2_iter1            |    xor   |   0|  0|   2|           2|           1|
    |ap_enable_reg_pp3_iter1            |    xor   |   0|  0|   2|           2|           1|
    +-----------------------------------+----------+----+---+----+------------+------------+
    |Total                              |          |   0|  0|1242|         801|         755|
    +-----------------------------------+----------+----+---+----+------------+------------+

    * Multiplexer: 
    +-----------------------------------+----+-----------+-----+-----------+
    |                Name               | LUT| Input Size| Bits| Total Bits|
    +-----------------------------------+----+-----------+-----+-----------+
    |ap_NS_fsm                          |  53|         12|    1|         12|
    |ap_enable_reg_pp1_iter1            |  15|          3|    1|          3|
    |ap_enable_reg_pp2_iter1            |  15|          3|    1|          3|
    |ap_enable_reg_pp3_iter1            |   9|          2|    1|          2|
    |ap_enable_reg_pp3_iter4            |   9|          2|    1|          2|
    |ap_phi_mux_empty_52_phi_fu_548_p4  |   9|          2|   13|         26|
    |ap_phi_mux_empty_56_phi_fu_638_p4  |   9|          2|   13|         26|
    |buf_0_V_address0                   |  15|          3|   11|         33|
    |buf_0_V_address1                   |  27|          5|   11|         55|
    |buf_0_V_d1                         |  21|          4|    8|         32|
    |buf_1_V_address0                   |  15|          3|   11|         33|
    |buf_1_V_address1                   |  27|          5|   11|         55|
    |buf_1_V_d1                         |  21|          4|    8|         32|
    |buf_2_V_address0                   |  15|          3|   11|         33|
    |buf_2_V_address1                   |  21|          4|   11|         44|
    |buf_2_V_d1                         |  15|          3|    8|         24|
    |buf_3_V_address0                   |  15|          3|   11|         33|
    |buf_3_V_address1                   |  21|          4|   11|         44|
    |buf_3_V_d1                         |  15|          3|    8|         24|
    |buf_4_V_address0                   |  15|          3|   11|         33|
    |buf_4_V_address1                   |  21|          4|   11|         44|
    |buf_4_V_d1                         |  15|          3|    8|         24|
    |empty_52_reg_544                   |   9|          2|   13|         26|
    |empty_53_reg_556                   |   9|          2|   13|         26|
    |empty_54_reg_622                   |   9|          2|   13|         26|
    |empty_56_reg_634                   |   9|          2|   13|         26|
    |init_buf_reg_534                   |   9|          2|   64|        128|
    |p_filter_in1_blk_n                 |   9|          2|    1|          2|
    |p_filter_out2_blk_n                |   9|          2|    1|          2|
    |row_ind_V_0_2_reg_523              |   9|          2|    3|          6|
    |row_ind_V_0_reg_599                |   9|          2|   13|         26|
    |row_ind_V_1_reg_588                |   9|          2|   13|         26|
    |row_ind_V_2_reg_577                |   9|          2|   13|         26|
    |row_ind_V_3_1_reg_567              |   9|          2|   13|         26|
    |row_ind_V_4_reg_610                |   9|          2|   13|         26|
    +-----------------------------------+----+-----------+-----+-----------+
    |Total                              | 515|        106|  367|        989|
    +-----------------------------------+----+-----------+-----+-----------+

    * Register: 
    +--------------------------------+----+----+-----+-----------+
    |              Name              | FF | LUT| Bits| Const Bits|
    +--------------------------------+----+----+-----+-----------+
    |add_i_i50_reg_2314              |  17|   0|   17|          0|
    |add_ln695_10_reg_2484           |  11|   0|   11|          0|
    |add_ln695_15_reg_2499           |  12|   0|   12|          0|
    |add_ln695_20_reg_2398           |  13|   0|   13|          0|
    |add_ln695_4_reg_2478            |  10|   0|   10|          0|
    |add_ln695_reg_2133              |  13|   0|   13|          0|
    |and_ln120_reg_2412              |   1|   0|    1|          0|
    |ap_CS_fsm                       |  11|   0|   11|          0|
    |ap_enable_reg_pp1_iter0         |   1|   0|    1|          0|
    |ap_enable_reg_pp1_iter1         |   1|   0|    1|          0|
    |ap_enable_reg_pp2_iter0         |   1|   0|    1|          0|
    |ap_enable_reg_pp2_iter1         |   1|   0|    1|          0|
    |ap_enable_reg_pp3_iter0         |   1|   0|    1|          0|
    |ap_enable_reg_pp3_iter1         |   1|   0|    1|          0|
    |ap_enable_reg_pp3_iter2         |   1|   0|    1|          0|
    |ap_enable_reg_pp3_iter3         |   1|   0|    1|          0|
    |ap_enable_reg_pp3_iter4         |   1|   0|    1|          0|
    |buf_0_V_addr_1_reg_2152         |  11|   0|   11|          0|
    |buf_1_V_addr_1_reg_2158         |  11|   0|   11|          0|
    |cmp_i_i289_i_reg_2334           |   1|   0|    1|          0|
    |cmp_i_i_i_reg_2454              |   1|   0|    1|          0|
    |empty_52_reg_544                |  13|   0|   13|          0|
    |empty_53_reg_556                |  13|   0|   13|          0|
    |empty_54_reg_622                |  13|   0|   13|          0|
    |empty_55_reg_2339               |   3|   0|    3|          0|
    |empty_56_reg_634                |  13|   0|   13|          0|
    |empty_56_reg_634_pp3_iter1_reg  |  13|   0|   13|          0|
    |empty_58_reg_2494               |  10|   0|   10|          0|
    |empty_reg_2064                  |  14|   0|   14|          0|
    |icmp_ln882_2_reg_2129           |   1|   0|    1|          0|
    |icmp_ln882_3_reg_2143           |   1|   0|    1|          0|
    |icmp_ln882_5_reg_2394           |   1|   0|    1|          0|
    |icmp_ln882_6_reg_2403           |   1|   0|    1|          0|
    |icmp_ln886_reg_2425             |   1|   0|    1|          0|
    |init_buf_reg_534                |  64|   0|   64|          0|
    |op2_assign_reg_2319             |  14|   0|   14|          0|
    |p_Result_1_fu_252               |   8|   0|    8|          0|
    |p_Result_s_fu_188               |   8|   0|    8|          0|
    |row_ind_V_0_0_fu_148            |   3|   0|   13|         10|
    |row_ind_V_0_0_load_reg_2069     |   3|   0|   13|         10|
    |row_ind_V_0_2_reg_523           |   3|   0|    3|          0|
    |row_ind_V_0_reg_599             |  13|   0|   13|          0|
    |row_ind_V_1_0_fu_152            |   3|   0|   13|         10|
    |row_ind_V_1_0_load_reg_2074     |   3|   0|   13|         10|
    |row_ind_V_1_reg_588             |  13|   0|   13|          0|
    |row_ind_V_2_0_fu_156            |   3|   0|   13|         10|
    |row_ind_V_2_0_load_reg_2079     |   3|   0|   13|         10|
    |row_ind_V_2_reg_577             |  13|   0|   13|          0|
    |row_ind_V_3_0_fu_160            |   3|   0|   13|         10|
    |row_ind_V_3_0_load_reg_2086     |   3|   0|   13|         10|
    |row_ind_V_3_1_reg_567           |  13|   0|   13|          0|
    |row_ind_V_4_0_fu_164            |   3|   0|   13|         10|
    |row_ind_V_4_0_load_reg_2091     |   3|   0|   13|         10|
    |row_ind_V_4_reg_610             |  13|   0|   13|          0|
    |spec_select2101_reg_2344        |   1|   0|    1|          0|
    |spec_select2117_reg_2349        |   1|   0|    1|          0|
    |spec_select2133_reg_2354        |   1|   0|    1|          0|
    |spec_select2149_reg_2359        |   1|   0|    1|          0|
    |spec_select2165_reg_2364        |   1|   0|    1|          0|
    |src_buf_V_0_0_fu_192            |   8|   0|    8|          0|
    |src_buf_V_0_1_fu_196            |   8|   0|    8|          0|
    |src_buf_V_0_2_fu_200            |   8|   0|    8|          0|
    |src_buf_V_1_0_1_fu_208          |   8|   0|    8|          0|
    |src_buf_V_1_0_fu_204            |   8|   0|    8|          0|
    |src_buf_V_1_1_fu_212            |   8|   0|    8|          0|
    |src_buf_V_1_2_fu_216            |   8|   0|    8|          0|
    |src_buf_V_2_0_1_fu_224          |   8|   0|    8|          0|
    |src_buf_V_2_0_fu_220            |   8|   0|    8|          0|
    |src_buf_V_2_1_fu_228            |   8|   0|    8|          0|
    |src_buf_V_2_1_load_reg_2473     |   8|   0|    8|          0|
    |src_buf_V_2_2_fu_232            |   8|   0|    8|          0|
    |src_buf_V_3_0_1_fu_240          |   8|   0|    8|          0|
    |src_buf_V_3_0_fu_236            |   8|   0|    8|          0|
    |src_buf_V_3_1_fu_244            |   8|   0|    8|          0|
    |src_buf_V_3_2_fu_248            |   8|   0|    8|          0|
    |src_buf_V_4_0_fu_256            |   8|   0|    8|          0|
    |src_buf_V_4_1_fu_260            |   8|   0|    8|          0|
    |src_buf_V_4_2_fu_264            |   8|   0|    8|          0|
    |sub_i_reg_2324                  |  17|   0|   17|          0|
    |tmp29_reg_2489                  |  11|   0|   11|          0|
    |trunc_ln324_1_reg_2123          |   3|   0|    3|          0|
    |trunc_ln324_2_reg_2369          |   3|   0|    3|          0|
    |trunc_ln324_3_reg_2374          |   3|   0|    3|          0|
    |trunc_ln324_4_reg_2379          |   3|   0|    3|          0|
    |trunc_ln324_5_reg_2384          |   3|   0|    3|          0|
    |trunc_ln324_6_reg_2389          |   3|   0|    3|          0|
    |trunc_ln324_7_reg_2416          |   3|   0|    3|          0|
    |trunc_ln324_reg_2119            |   3|   0|    3|          0|
    |wide_trip_count_reg_2110        |   3|   0|   64|         61|
    |icmp_ln882_5_reg_2394           |  64|  32|    1|          0|
    |icmp_ln882_6_reg_2403           |  64|  32|    1|          0|
    |icmp_ln886_reg_2425             |  64|  32|    1|          0|
    |trunc_ln324_7_reg_2416          |  64|  32|    3|          0|
    +--------------------------------+----+----+-----+-----------+
    |Total                           | 878| 128|  789|        161|
    +--------------------------------+----+----+-----+-----------+



================================================================
== Interface
================================================================
* Summary: 
+----------------------+-----+-----+------------+--------------------------------------------------------------+--------------+
|       RTL Ports      | Dir | Bits|  Protocol  |                         Source Object                        |    C Type    |
+----------------------+-----+-----+------------+--------------------------------------------------------------+--------------+
|ap_clk                |  in |    1| ap_ctrl_hs | xf_pyrdown_gaussian_nxn<1080, 1920, 0, 1, 1, 1922, 5, 25, 1> | return value |
|ap_rst                |  in |    1| ap_ctrl_hs | xf_pyrdown_gaussian_nxn<1080, 1920, 0, 1, 1, 1922, 5, 25, 1> | return value |
|ap_start              |  in |    1| ap_ctrl_hs | xf_pyrdown_gaussian_nxn<1080, 1920, 0, 1, 1, 1922, 5, 25, 1> | return value |
|ap_done               | out |    1| ap_ctrl_hs | xf_pyrdown_gaussian_nxn<1080, 1920, 0, 1, 1, 1922, 5, 25, 1> | return value |
|ap_idle               | out |    1| ap_ctrl_hs | xf_pyrdown_gaussian_nxn<1080, 1920, 0, 1, 1, 1922, 5, 25, 1> | return value |
|ap_ready              | out |    1| ap_ctrl_hs | xf_pyrdown_gaussian_nxn<1080, 1920, 0, 1, 1, 1922, 5, 25, 1> | return value |
|p_filter_in1_dout     |  in |    8|   ap_fifo  |                         p_filter_in1                         |    pointer   |
|p_filter_in1_empty_n  |  in |    1|   ap_fifo  |                         p_filter_in1                         |    pointer   |
|p_filter_in1_read     | out |    1|   ap_fifo  |                         p_filter_in1                         |    pointer   |
|p_filter_out2_din     | out |    8|   ap_fifo  |                         p_filter_out2                        |    pointer   |
|p_filter_out2_full_n  |  in |    1|   ap_fifo  |                         p_filter_out2                        |    pointer   |
|p_filter_out2_write   | out |    1|   ap_fifo  |                         p_filter_out2                        |    pointer   |
|img_height            |  in |   16|   ap_none  |                          img_height                          |    scalar    |
|img_width             |  in |   16|   ap_none  |                           img_width                          |    scalar    |
+----------------------+-----+-----+------------+--------------------------------------------------------------+--------------+

